
> presales-init@0.1.0 build
> next build

▲ Next.js 16.2.1 (Turbopack)
- Environments: .env.local

  Creating an optimized production build ...
✓ Compiled successfully in 4.9s
  Running TypeScript ...
  Finished TypeScript in 8.0s ...
  Collecting page data using 11 workers ...
  Generating static pages using 11 workers (0/42) ...
  Generating static pages using 11 workers (10/42) 
  Generating static pages using 11 workers (20/42) 
  Generating static pages using 11 workers (31/42) 
✓ Generating static pages using 11 workers (42/42) in 624ms
  Finalizing page optimization ...

Route (app)
┌ ○ /
├ ○ /_not-found
├ ○ /about
├ ○ /admin
├ ○ /admin/analytics
├ ○ /admin/blog
├ ƒ /admin/blog/[id]
├ ○ /admin/consulting
├ ○ /admin/coupons
├ ○ /admin/discount-matches
├ ○ /admin/downloads
├ ○ /admin/faq
├ ○ /admin/members
├ ○ /admin/orders
├ ○ /admin/products
├ ƒ /admin/products/[id]
├ ○ /admin/products/new
├ ○ /admin/reviews
├ ○ /admin/settings
├ ƒ /api/auth/delete-account
├ ƒ /api/download
├ ƒ /api/email/consulting
├ ƒ /api/email/order-confirm
├ ƒ /api/payment/confirm
├ ○ /auth/forgot-password
├ ○ /auth/login
├ ○ /auth/reset-password
├ ○ /auth/signup
├ ○ /blog
├ ○ /cart
├ ○ /checkout
├ ○ /checkout/fail
├ ○ /checkout/success
├ ○ /consulting
├ ○ /faq
├ ○ /mypage
├ ○ /privacy
├ ○ /refund
├ ○ /robots.txt
├ ○ /sitemap.xml
├ ○ /store
├ ƒ /store/[id]
└ ○ /terms


ƒ Proxy (Middleware)

○  (Static)   prerendered as static content
ƒ  (Dynamic)  server-rendered on demand

